python : Traceback (most 
recent call last):
At line:1 char:1
+ python rigorous_tests.py 
> test_output.txt 2>&1
+ ~~~~~~~~~~~~~~~~~~~~~~~~~~
~~~~~~~~~~~~~~~~~~~~~
    + CategoryInfo          
    : NotSpecified: (Trace  
  back (most recent call    
 last)::String) [], Remo    
teException
    + FullyQualifiedErrorId 
    : NativeCommandError
 
  File "D:\Sem 6\ProcomLangc
hain\src\stage1_audio\audio_
generator.py", line 38, in 
generate_audio
    print(f"\u2713 
Generated audio: 
{audio_path}")
    ~~~~~^^^^^^^^^^^^^^^^^^^
^^^^^^^^^^^^^^^^^
  File "C:\Users\DELL\AppDat
a\Local\Programs\Python\Pyth
on313\Lib\encodings\cp1252.p
y", line 19, in encode
    return codecs.charmap_en
code(input,self.errors,encod
ing_table)[0]
           ~~~~~~~~~~~~~~~~~
~~~~^^^^^^^^^^^^^^^^^^^^^^^^
^^^^^^^^^^
UnicodeEncodeError: 
'charmap' codec can't 
encode character '\u2713' 
in position 0: character 
maps to <undefined>

During handling of the 
above exception, another 
exception occurred:

Traceback (most recent call 
last):
  File "D:\Sem 6\ProcomLangc
hain\rigorous_tests.py", 
line 70, in run_pipeline
    self.generate_scenario_d
ata(scenario)
    ~~~~~~~~~~~~~~~~~~~~~~~~
~~~^^^^^^^^^^
  File "D:\Sem 6\ProcomLangc
hain\rigorous_tests.py", 
line 51, in 
generate_scenario_data
    audio_gen.generate_myste
ry_case_audio(scenario=scena
rio)
    ~~~~~~~~~~~~~~~~~~~~~~~~
~~~~~~~~~~~~~^^^^^^^^^^^^^^^
^^^^
  File "D:\Sem 6\ProcomLangc
hain\src\stage1_audio\audio_
generator.py", line 57, in 
generate_mystery_case_audio
    
self._generate_scenario_a()
    
~~~~~~~~~~~~~~~~~~~~~~~~~^^
  File "D:\Sem 6\ProcomLangc
hain\src\stage1_audio\audio_
generator.py", line 151, in 
_generate_scenario_a
    self.generate_audio(audi
o1_text, 
"audio1_security_interview")
    ~~~~~~~~~~~~~~~~~~~^^^^^
^^^^^^^^^^^^^^^^^^^^^^^^^^^^
^^^^^^^^^
  File "D:\Sem 6\ProcomLangc
hain\src\stage1_audio\audio_
generator.py", line 40, in 
generate_audio
    print(f"\u2717 Error 
generating audio for 
{filename}: {e}")
    ~~~~~^^^^^^^^^^^^^^^^^^^
^^^^^^^^^^^^^^^^^^^^^^^^^^^^
^^
  File "C:\Users\DELL\AppDat
a\Local\Programs\Python\Pyth
on313\Lib\encodings\cp1252.p
y", line 19, in encode
    return codecs.charmap_en
code(input,self.errors,encod
ing_table)[0]
           ~~~~~~~~~~~~~~~~~
~~~~^^^^^^^^^^^^^^^^^^^^^^^^
^^^^^^^^^^
UnicodeEncodeError: 
'charmap' codec can't 
encode character '\u2717' 
in position 0: character 
maps to <undefined>
Traceback (most recent call 
last):
  File "D:\Sem 6\ProcomLangc
hain\src\stage1_audio\audio_
generator.py", line 38, in 
generate_audio
    print(f"\u2713 
Generated audio: 
{audio_path}")
    ~~~~~^^^^^^^^^^^^^^^^^^^
^^^^^^^^^^^^^^^^^
  File "C:\Users\DELL\AppDat
a\Local\Programs\Python\Pyth
on313\Lib\encodings\cp1252.p
y", line 19, in encode
    return codecs.charmap_en
code(input,self.errors,encod
ing_table)[0]
           ~~~~~~~~~~~~~~~~~
~~~~^^^^^^^^^^^^^^^^^^^^^^^^
^^^^^^^^^^
UnicodeEncodeError: 
'charmap' codec can't 
encode character '\u2713' 
in position 0: character 
maps to <undefined>

During handling of the 
above exception, another 
exception occurred:

Traceback (most recent call 
last):
  File "D:\Sem 6\ProcomLangc
hain\rigorous_tests.py", 
line 70, in run_pipeline
    self.generate_scenario_d
ata(scenario)
    ~~~~~~~~~~~~~~~~~~~~~~~~
~~~^^^^^^^^^^
  File "D:\Sem 6\ProcomLangc
hain\rigorous_tests.py", 
line 51, in 
generate_scenario_data
    audio_gen.generate_myste
ry_case_audio(scenario=scena
rio)
    ~~~~~~~~~~~~~~~~~~~~~~~~
~~~~~~~~~~~~~^^^^^^^^^^^^^^^
^^^^
  File "D:\Sem 6\ProcomLangc
hain\src\stage1_audio\audio_
generator.py", line 59, in 
generate_mystery_case_audio
    
self._generate_scenario_b()
    
~~~~~~~~~~~~~~~~~~~~~~~~~^^
  File "D:\Sem 6\ProcomLangc
hain\src\stage1_audio\audio_
generator.py", line 224, in 
_generate_scenario_b
    self.generate_audio(audi
o1_text, 
"audio1_ceo_interview")
    ~~~~~~~~~~~~~~~~~~~^^^^^
^^^^^^^^^^^^^^^^^^^^^^^^^^^^
^^^^
  File "D:\Sem 6\ProcomLangc
hain\src\stage1_audio\audio_
generator.py", line 40, in 
generate_audio
    print(f"\u2717 Error 
generating audio for 
{filename}: {e}")
    ~~~~~^^^^^^^^^^^^^^^^^^^
^^^^^^^^^^^^^^^^^^^^^^^^^^^^
^^
  File "C:\Users\DELL\AppDat
a\Local\Programs\Python\Pyth
on313\Lib\encodings\cp1252.p
y", line 19, in encode
    return codecs.charmap_en
code(input,self.errors,encod
ing_table)[0]
           ~~~~~~~~~~~~~~~~~
~~~~^^^^^^^^^^^^^^^^^^^^^^^^
^^^^^^^^^^
UnicodeEncodeError: 
'charmap' codec can't 
encode character '\u2717' 
in position 0: character 
maps to <undefined>
Starting Rigorous Testing Suite...

================================================================================
TESTING SCENARIO A: The Poisoned Researcher
================================================================================
  Cleaning data directories...
  Generating data for Scenario A...

Generating Stage 1 Audio Files (Scenario A)...
================================================================================

  !! EXCEPTION: 'charmap' codec can't encode character '\u2717' in position 0: character maps to <undefined>

================================================================================
TESTING SCENARIO B: The Sabotaged Prototype (New Dataset)
================================================================================
  Cleaning data directories...
  Generating data for Scenario B...

Generating Stage 1 Audio Files (Scenario B)...
================================================================================

  !! EXCEPTION: 'charmap' codec can't encode character '\u2717' in position 0: character maps to <undefined>

================================================================================
TEST SUMMARY
================================================================================
Scenario A: FAIL
Scenario B: FAIL
================================================================================
